// Jest Snapshot v1, https://goo.gl/fbAQLP

exports[`Pruebas en <TodoAdd /> debe de mostrarse correctamente 1`] = `
<form
  className="d-grid gap-2"
  onSubmit={[Function]}
>
  <input
    autoComplete="off"
    className="form-control"
    name="description"
    onChange={[Function]}
    placeholder="Aprender ..."
    type="text"
    value=""
  />
  <button
    className="btn btn-outline-primary"
    type="submit"
  >
    Agregar
  </button>
</form>
`;
